// Jest Snapshot v1, https://goo.gl/fbAQLP

exports[`Pruebas en el componente <gifForm> Debe mostrar el componente correctamente 1`] = `<gifForm />`;
